<html>
<body>
<pre>
<h1>µVision Build Log</h1>
<h2>Tool Versions:</h2>
IDE-Version: ¦ÌVision V5.18.0.0
Copyright (C) 2016 ARM Ltd and ARM Germany GmbH. All rights reserved.
License Information: 666 6666, 666, LIC=S5ISZ-JXKDD-35XTX-HLULZ-X4RU0-UJSNC
 
Tool Versions:
Toolchain:       MDK-ARM Professional  Version: 5.18
Toolchain Path:  D:\Keil\Keil_v5\ARM\ARMCC\Bin
C Compiler:      Armcc.exe V5.06 update 1 (build 61)
Assembler:       Armasm.exe V5.06 update 1 (build 61)
Linker/Locator:  ArmLink.exe V5.06 update 1 (build 61)
Library Manager: ArmAr.exe V5.06 update 1 (build 61)
Hex Converter:   FromElf.exe V5.06 update 1 (build 61)
CPU DLL:         SARMCM3.DLL V5.18
Dialog DLL:      DCM.DLL V1.13.6.0
Target DLL:      CMSIS_AGDI.dll V1.25.7.0
Dialog DLL:      TCM.DLL V1.14.8.0
 
<h2>Project:</h2>
D:\STM32\project_F4xx\Template\Project.uvprojx
Project File Date:  07/31/2023

<h2>Output:</h2>
*** Using Compiler 'V5.06 update 1 (build 61)', folder: 'D:\Keil\Keil_v5\ARM\ARMCC\Bin'
Rebuild target 'Target 1'
compiling stm32f4xx_cec.c...
compiling stm32f4xx_crc.c...
compiling misc.c...
compiling stm32f4xx_exti.c...
compiling stm32f4xx_dma2d.c...
compiling stm32f4xx_dbgmcu.c...
compiling stm32f4xx_dma.c...
compiling stm32f4xx_dac.c...
compiling stm32f4xx_cryp_tdes.c...
compiling stm32f4xx_dcmi.c...
compiling stm32f4xx_cryp_des.c...
compiling stm32f4xx_cryp.c...
compiling stm32f4xx_adc.c...
compiling stm32f4xx_can.c...
compiling stm32f4xx_cryp_aes.c...
compiling stm32f4xx_flash_ramfunc.c...
compiling stm32f4xx_flash.c...
compiling stm32f4xx_fmpi2c.c...
compiling stm32f4xx_hash_md5.c...
compiling stm32f4xx_fsmc.c...
compiling stm32f4xx_gpio.c...
compiling stm32f4xx_hash.c...
compiling stm32f4xx_hash_sha1.c...
compiling stm32f4xx_qspi.c...
compiling stm32f4xx_iwdg.c...
compiling stm32f4xx_pwr.c...
compiling stm32f4xx_i2c.c...
compiling stm32f4xx_ltdc.c...
compiling stm32f4xx_rcc.c...
compiling stm32f4xx_rng.c...
assembling startup_stm32f40_41xxx.s...
compiling stm32f4xx_sai.c...
compiling stm32f4xx_rtc.c...
compiling stm32f4xx_sdio.c...
compiling stm32f4xx_spdifrx.c...
compiling stm32f4xx_syscfg.c...
compiling stm32f4xx_spi.c...
compiling stm32f4xx_usart.c...
compiling sys.c...
compiling stm32f4xx_wwdg.c...
compiling delay.c...
compiling stm32f4xx_it.c...
compiling main.c...
compiling oled.c...
compiling stm32f4xx_tim.c...
compiling system_stm32f4xx.c...
linking...
Program Size: Code=1944 RO-data=424 RW-data=4 ZI-data=2788  
FromELF: creating hex file...
".\Objects\Project.axf" - 0 Error(s), 0 Warning(s).

<h2>Collection of Component include folders:</h2>
  D:\STM32\project_F4xx\Template\RTE
  D:\Keil\Keil_v5\ARM\PACK\Keil\STM32F4xx_DFP\2.17.0\Drivers\CMSIS\Device\ST\STM32F4xx\Include

<h2>Collection of Component Files used:</h2>
Build Time Elapsed:  00:00:04
</pre>
</body>
</html>
